{
  "gameKey": "reversteam",
  "variant": {
    "gameKey": "reversteam",
    "baseRules": true
  },
  "name": "Test game",
  "status": "ACTIVE",
  "turnDuration": 1000,
  "playerIds": [6, 5, 4, 3, 2, 1],
  "activePlayerId": 3,
  "config": {
    "maxPlayers": 6,
    "minPlayers": 6
  },
  "summary": "Turn 2/6 - Build track",
  "unlisted": false,
  "version": 3,
  "concedingPlayers": [],
  "gameData": {
    "version": 3,
    "gameData": {
      "bag": [
        4, 3, 4, 0, 1, 0, 3, 3, 0, 3, 0, 0, 3, 0, 3, 3, 2, 1, 4, 2, 3, 2, 0, 2
      ],
      "grid": [
        [
          {
            "q": 0,
            "r": 10
          },
          {
            "type": 2
          }
        ],
        [
          {
            "q": 0,
            "r": 11
          },
          {
            "type": 2
          }
        ],
        [
          {
            "q": 0,
            "r": 12
          },
          {
            "type": 2
          }
        ],
        [
          {
            "q": 0,
            "r": 13
          },
          {
            "type": 2
          }
        ],
        [
          {
            "q": 0,
            "r": 14
          },
          {
            "type": 2
          }
        ],
        [
          {
            "q": 0,
            "r": 15
          },
          {
            "type": 2
          }
        ],
        [
          {
            "q": 0,
            "r": 16
          },
          {
            "type": 2
          }
        ],
        [
          {
            "q": 0,
            "r": 17
          },
          {
            "type": 2
          }
        ],
        [
          {
            "q": 0,
            "r": 18
          },
          {
            "type": 2
          }
        ],
        [
          {
            "q": 0,
            "r": 19
          },
          {
            "type": 1,
            "name": "Kansas City",
            "color": [3],
            "goods": [3, 1, 0, 1],
            "onRoll": [
              {
                "onRoll": 3,
                "group": 1,
                "goods": [3]
              }
            ],
            "startingNumCubes": 2
          }
        ],
        [
          {
            "q": 0,
            "r": 9
          },
          {
            "type": 2
          }
        ],
        [
          {
            "q": 10,
            "r": 10
          },
          {
            "type": 2
          }
        ],
        [
          {
            "q": 10,
            "r": 11
          },
          {
            "type": 2
          }
        ],
        [
          {
            "q": 10,
            "r": 12
          },
          {
            "type": 2,
            "townName": "Indianapolis",
            "tile": {
              "tileType": 111,
              "orientation": 4,
              "owners": [7, 7, 1, 7]
            }
          }
        ],
        [
          {
            "q": 10,
            "r": 13
          },
          {
            "type": 2,
            "tile": {
              "tileType": 2,
              "orientation": 2,
              "owners": [7]
            }
          }
        ],
        [
          {
            "q": 10,
            "r": 14
          },
          {
            "type": 3
          }
        ],
        [
          {
            "q": 10,
            "r": 4
          },
          {
            "type": 11
          }
        ],
        [
          {
            "q": 10,
            "r": 5
          },
          {
            "type": 2
          }
        ],
        [
          {
            "q": 10,
            "r": 6
          },
          {
            "type": 2
          }
        ],
        [
          {
            "q": 10,
            "r": 7
          },
          {
            "type": 2,
            "townName": "Grand Rapids"
          }
        ],
        [
          {
            "q": 10,
            "r": 8
          },
          {
            "type": 2
          }
        ],
        [
          {
            "q": 10,
            "r": 9
          },
          {
            "type": 2
          }
        ],
        [
          {
            "q": 11,
            "r": 10
          },
          {
            "type": 2,
            "townName": "Fort Wayne"
          }
        ],
        [
          {
            "q": 11,
            "r": 11
          },
          {
            "type": 2
          }
        ],
        [
          {
            "q": 11,
            "r": 12
          },
          {
            "type": 2,
            "tile": {
              "tileType": 2,
              "orientation": 3,
              "owners": [7]
            }
          }
        ],
        [
          {
            "q": 11,
            "r": 13
          },
          {
            "type": 3
          }
        ],
        [
          {
            "q": 11,
            "r": 4
          },
          {
            "type": 11
          }
        ],
        [
          {
            "q": 11,
            "r": 5
          },
          {
            "type": 2
          }
        ],
        [
          {
            "q": 11,
            "r": 6
          },
          {
            "type": 2
          }
        ],
        [
          {
            "q": 11,
            "r": 7
          },
          {
            "type": 2
          }
        ],
        [
          {
            "q": 11,
            "r": 8
          },
          {
            "type": 2
          }
        ],
        [
          {
            "q": 11,
            "r": 9
          },
          {
            "type": 2
          }
        ],
        [
          {
            "q": 12,
            "r": 10
          },
          {
            "type": 2
          }
        ],
        [
          {
            "q": 12,
            "r": 11
          },
          {
            "type": 1,
            "name": "Cincinnati",
            "color": [0],
            "goods": [2],
            "onRoll": [
              {
                "onRoll": 2,
                "group": 2,
                "goods": [0, 2, 4]
              }
            ],
            "startingNumCubes": 2
          }
        ],
        [
          {
            "q": 12,
            "r": 12
          },
          {
            "type": 3
          }
        ],
        [
          {
            "q": 12,
            "r": 13
          },
          {
            "type": 2
          }
        ],
        [
          {
            "q": 12,
            "r": 3
          },
          {
            "type": 11
          }
        ],
        [
          {
            "q": 12,
            "r": 4
          },
          {
            "type": 11
          }
        ],
        [
          {
            "q": 12,
            "r": 5
          },
          {
            "type": 11
          }
        ],
        [
          {
            "q": 12,
            "r": 6
          },
          {
            "type": 2
          }
        ],
        [
          {
            "q": 12,
            "r": 7
          },
          {
            "type": 2
          }
        ],
        [
          {
            "q": 12,
            "r": 8
          },
          {
            "type": 2,
            "townName": "Toledo"
          }
        ],
        [
          {
            "q": 12,
            "r": 9
          },
          {
            "type": 2
          }
        ],
        [
          {
            "q": 13,
            "r": 10
          },
          {
            "type": 2
          }
        ],
        [
          {
            "q": 13,
            "r": 11
          },
          {
            "type": 3
          }
        ],
        [
          {
            "q": 13,
            "r": 12
          },
          {
            "type": 2,
            "townName": "Lexington"
          }
        ],
        [
          {
            "q": 13,
            "r": 3
          },
          {
            "type": 11
          }
        ],
        [
          {
            "q": 13,
            "r": 4
          },
          {
            "type": 11
          }
        ],
        [
          {
            "q": 13,
            "r": 5
          },
          {
            "type": 11
          }
        ],
        [
          {
            "q": 13,
            "r": 6
          },
          {
            "type": 1,
            "name": "Detroit",
            "color": [2],
            "goods": [1, 2],
            "onRoll": [
              {
                "onRoll": 3,
                "group": 2,
                "goods": [0, 2, 4]
              }
            ],
            "startingNumCubes": 2
          }
        ],
        [
          {
            "q": 13,
            "r": 7
          },
          {
            "type": 11
          }
        ],
        [
          {
            "q": 13,
            "r": 8
          },
          {
            "type": 2,
            "tile": {
              "tileType": 2,
              "orientation": 3,
              "owners": [4]
            }
          }
        ],
        [
          {
            "q": 13,
            "r": 9
          },
          {
            "type": 2
          }
        ],
        [
          {
            "q": 14,
            "r": 10
          },
          {
            "type": 3
          }
        ],
        [
          {
            "q": 14,
            "r": 11
          },
          {
            "type": 2
          }
        ],
        [
          {
            "q": 14,
            "r": 12
          },
          {
            "type": 4
          }
        ],
        [
          {
            "q": 14,
            "r": 2
          },
          {
            "type": 11
          }
        ],
        [
          {
            "q": 14,
            "r": 3
          },
          {
            "type": 2
          }
        ],
        [
          {
            "q": 14,
            "r": 4
          },
          {
            "type": 2
          }
        ],
        [
          {
            "q": 14,
            "r": 5
          },
          {
            "type": 2
          }
        ],
        [
          {
            "q": 14,
            "r": 6
          },
          {
            "type": 11
          }
        ],
        [
          {
            "q": 14,
            "r": 7
          },
          {
            "type": 2,
            "tile": {
              "tileType": 1,
              "orientation": 6,
              "owners": [4]
            }
          }
        ],
        [
          {
            "q": 14,
            "r": 8
          },
          {
            "type": 2
          }
        ],
        [
          {
            "q": 14,
            "r": 9
          },
          {
            "type": 2
          }
        ],
        [
          {
            "q": 15,
            "r": 10
          },
          {
            "type": 2,
            "tile": {
              "tileType": 2,
              "orientation": 3,
              "owners": [3]
            }
          }
        ],
        [
          {
            "q": 15,
            "r": 11
          },
          {
            "type": 4
          }
        ],
        [
          {
            "q": 15,
            "r": 2
          },
          {
            "type": 2
          }
        ],
        [
          {
            "q": 15,
            "r": 3
          },
          {
            "type": 2
          }
        ],
        [
          {
            "q": 15,
            "r": 4
          },
          {
            "type": 2
          }
        ],
        [
          {
            "q": 15,
            "r": 5
          },
          {
            "type": 11
          }
        ],
        [
          {
            "q": 15,
            "r": 6
          },
          {
            "type": 1,
            "name": "Cleveland",
            "color": 4,
            "goods": [],
            "urbanized": true,
            "onRoll": [
              {
                "onRoll": 1,
                "group": 2,
                "goods": [2, 2]
              }
            ]
          }
        ],
        [
          {
            "q": 15,
            "r": 7
          },
          {
            "type": 2
          }
        ],
        [
          {
            "q": 15,
            "r": 8
          },
          {
            "type": 2,
            "tile": {
              "tileType": 2,
              "orientation": 5,
              "owners": [4]
            }
          }
        ],
        [
          {
            "q": 15,
            "r": 9
          },
          {
            "type": 3,
            "tile": {
              "tileType": 2,
              "orientation": 4,
              "owners": [4]
            }
          }
        ],
        [
          {
            "q": 16,
            "r": 1
          },
          {
            "type": 2
          }
        ],
        [
          {
            "q": 16,
            "r": 10
          },
          {
            "type": 4
          }
        ],
        [
          {
            "q": 16,
            "r": 11
          },
          {
            "type": 4
          }
        ],
        [
          {
            "q": 16,
            "r": 2
          },
          {
            "type": 1,
            "name": "Toronto",
            "color": [4],
            "goods": [1, 3, 0],
            "onRoll": [
              {
                "onRoll": 6,
                "group": 2,
                "goods": [4, 0]
              }
            ],
            "startingNumCubes": 2
          }
        ],
        [
          {
            "q": 16,
            "r": 3
          },
          {
            "type": 3
          }
        ],
        [
          {
            "q": 16,
            "r": 4
          },
          {
            "type": 11
          }
        ],
        [
          {
            "q": 16,
            "r": 5
          },
          {
            "type": 2
          }
        ],
        [
          {
            "q": 16,
            "r": 6
          },
          {
            "type": 2,
            "tile": {
              "tileType": 1,
              "orientation": 4,
              "owners": [4]
            }
          }
        ],
        [
          {
            "q": 16,
            "r": 7
          },
          {
            "type": 3,
            "tile": {
              "tileType": 1,
              "orientation": 6,
              "owners": [4]
            }
          }
        ],
        [
          {
            "q": 16,
            "r": 8
          },
          {
            "type": 3,
            "tile": {
              "tileType": 2,
              "orientation": 5,
              "owners": [3]
            }
          }
        ],
        [
          {
            "q": 16,
            "r": 9
          },
          {
            "type": 1,
            "name": "Wheeling",
            "color": [4],
            "goods": [4, 4],
            "onRoll": [
              {
                "onRoll": 4,
                "group": 2,
                "goods": [3, 1, 3]
              }
            ],
            "startingNumCubes": 3
          }
        ],
        [
          {
            "q": 17,
            "r": 1
          },
          {
            "type": 2
          }
        ],
        [
          {
            "q": 17,
            "r": 10
          },
          {
            "type": 4
          }
        ],
        [
          {
            "q": 17,
            "r": 2
          },
          {
            "type": 11
          }
        ],
        [
          {
            "q": 17,
            "r": 3
          },
          {
            "type": 2,
            "townName": "Buffalo"
          }
        ],
        [
          {
            "q": 17,
            "r": 4
          },
          {
            "type": 2
          }
        ],
        [
          {
            "q": 17,
            "r": 5
          },
          {
            "type": 4
          }
        ],
        [
          {
            "q": 17,
            "r": 6
          },
          {
            "type": 1,
            "name": "Pittsburgh",
            "color": [2],
            "goods": [3, 3, 4, 2, 0],
            "onRoll": [
              {
                "onRoll": 5,
                "group": 2,
                "goods": []
              }
            ],
            "startingNumCubes": 3
          }
        ],
        [
          {
            "q": 17,
            "r": 7
          },
          {
            "type": 4,
            "tile": {
              "tileType": 2,
              "orientation": 2,
              "owners": [3]
            }
          }
        ],
        [
          {
            "q": 17,
            "r": 8
          },
          {
            "type": 4
          }
        ],
        [
          {
            "q": 17,
            "r": 9
          },
          {
            "type": 4
          }
        ],
        [
          {
            "q": 1,
            "r": 10
          },
          {
            "type": 2
          }
        ],
        [
          {
            "q": 1,
            "r": 11
          },
          {
            "type": 1,
            "name": "Minneapolis",
            "color": [0],
            "goods": [2, 1],
            "onRoll": [
              {
                "onRoll": 5,
                "group": 1,
                "goods": [4, 0, 2]
              }
            ],
            "startingNumCubes": 2
          }
        ],
        [
          {
            "q": 1,
            "r": 12
          },
          {
            "type": 2
          }
        ],
        [
          {
            "q": 1,
            "r": 13
          },
          {
            "type": 2
          }
        ],
        [
          {
            "q": 1,
            "r": 14
          },
          {
            "type": 2
          }
        ],
        [
          {
            "q": 1,
            "r": 15
          },
          {
            "type": 2
          }
        ],
        [
          {
            "q": 1,
            "r": 16
          },
          {
            "type": 2
          }
        ],
        [
          {
            "q": 1,
            "r": 17
          },
          {
            "type": 2
          }
        ],
        [
          {
            "q": 1,
            "r": 18
          },
          {
            "type": 2,
            "tile": {
              "tileType": 1,
              "orientation": 6,
              "owners": [5]
            }
          }
        ],
        [
          {
            "q": 1,
            "r": 9
          },
          {
            "type": 2
          }
        ],
        [
          {
            "q": 2,
            "r": 10
          },
          {
            "type": 2
          }
        ],
        [
          {
            "q": 2,
            "r": 11
          },
          {
            "type": 3
          }
        ],
        [
          {
            "q": 2,
            "r": 12
          },
          {
            "type": 2
          }
        ],
        [
          {
            "q": 2,
            "r": 13
          },
          {
            "type": 2
          }
        ],
        [
          {
            "q": 2,
            "r": 14
          },
          {
            "type": 2
          }
        ],
        [
          {
            "q": 2,
            "r": 15
          },
          {
            "type": 1,
            "name": "Des Moines",
            "color": [0],
            "goods": [2, 3],
            "onRoll": [
              {
                "onRoll": 4,
                "group": 1,
                "goods": [0, 4, 2]
              }
            ],
            "startingNumCubes": 2
          }
        ],
        [
          {
            "q": 2,
            "r": 16
          },
          {
            "type": 2,
            "tile": {
              "tileType": 2,
              "orientation": 4,
              "owners": [5]
            }
          }
        ],
        [
          {
            "q": 2,
            "r": 17
          },
          {
            "type": 2,
            "tile": {
              "tileType": 2,
              "orientation": 6,
              "owners": [5]
            }
          }
        ],
        [
          {
            "q": 2,
            "r": 18
          },
          {
            "type": 2
          }
        ],
        [
          {
            "q": 2,
            "r": 8
          },
          {
            "type": 1,
            "name": "Duluth",
            "color": [3],
            "goods": [3, 1, 4, 3],
            "onRoll": [
              {
                "onRoll": 6,
                "group": 1,
                "goods": [2]
              }
            ],
            "startingNumCubes": 2
          }
        ],
        [
          {
            "q": 2,
            "r": 9
          },
          {
            "type": 2
          }
        ],
        [
          {
            "q": 3,
            "r": 10
          },
          {
            "type": 2
          }
        ],
        [
          {
            "q": 3,
            "r": 11
          },
          {
            "type": 3
          }
        ],
        [
          {
            "q": 3,
            "r": 12
          },
          {
            "type": 2
          }
        ],
        [
          {
            "q": 3,
            "r": 13
          },
          {
            "type": 2
          }
        ],
        [
          {
            "q": 3,
            "r": 14
          },
          {
            "type": 2
          }
        ],
        [
          {
            "q": 3,
            "r": 15
          },
          {
            "type": 2
          }
        ],
        [
          {
            "q": 3,
            "r": 16
          },
          {
            "type": 2,
            "tile": {
              "tileType": 1,
              "orientation": 4,
              "owners": [5]
            }
          }
        ],
        [
          {
            "q": 3,
            "r": 17
          },
          {
            "type": 2,
            "tile": {
              "tileType": 2,
              "orientation": 3,
              "owners": [5]
            }
          }
        ],
        [
          {
            "q": 3,
            "r": 8
          },
          {
            "type": 11
          }
        ],
        [
          {
            "q": 3,
            "r": 9
          },
          {
            "type": 2
          }
        ],
        [
          {
            "q": 4,
            "r": 10
          },
          {
            "type": 2,
            "townName": "La Crosse"
          }
        ],
        [
          {
            "q": 4,
            "r": 11
          },
          {
            "type": 3
          }
        ],
        [
          {
            "q": 4,
            "r": 12
          },
          {
            "type": 3
          }
        ],
        [
          {
            "q": 4,
            "r": 13
          },
          {
            "type": 3
          }
        ],
        [
          {
            "q": 4,
            "r": 14
          },
          {
            "type": 3
          }
        ],
        [
          {
            "q": 4,
            "r": 15
          },
          {
            "type": 3
          }
        ],
        [
          {
            "q": 4,
            "r": 16
          },
          {
            "type": 2,
            "tile": {
              "tileType": 13,
              "orientation": 1,
              "owners": [5, 5]
            }
          }
        ],
        [
          {
            "q": 4,
            "r": 17
          },
          {
            "type": 2,
            "tile": {
              "tileType": 3,
              "orientation": 3,
              "owners": [5]
            }
          }
        ],
        [
          {
            "q": 4,
            "r": 7
          },
          {
            "type": 11
          }
        ],
        [
          {
            "q": 4,
            "r": 8
          },
          {
            "type": 2
          }
        ],
        [
          {
            "q": 4,
            "r": 9
          },
          {
            "type": 2
          }
        ],
        [
          {
            "q": 5,
            "r": 10
          },
          {
            "type": 2
          }
        ],
        [
          {
            "q": 5,
            "r": 11
          },
          {
            "type": 2
          }
        ],
        [
          {
            "q": 5,
            "r": 12
          },
          {
            "type": 2
          }
        ],
        [
          {
            "q": 5,
            "r": 13
          },
          {
            "type": 2,
            "townName": "Rock Island"
          }
        ],
        [
          {
            "q": 5,
            "r": 14
          },
          {
            "type": 2
          }
        ],
        [
          {
            "q": 5,
            "r": 15
          },
          {
            "type": 3,
            "tile": {
              "tileType": 2,
              "orientation": 5,
              "owners": [1]
            }
          }
        ],
        [
          {
            "q": 5,
            "r": 16
          },
          {
            "type": 1,
            "name": "St. Louis",
            "color": [2],
            "goods": [4],
            "onRoll": [
              {
                "onRoll": 2,
                "group": 1,
                "goods": [1, 3]
              }
            ],
            "startingNumCubes": 2
          }
        ],
        [
          {
            "q": 5,
            "r": 7
          },
          {
            "type": 2
          }
        ],
        [
          {
            "q": 5,
            "r": 8
          },
          {
            "type": 2
          }
        ],
        [
          {
            "q": 5,
            "r": 9
          },
          {
            "type": 2
          }
        ],
        [
          {
            "q": 6,
            "r": 10
          },
          {
            "type": 2
          }
        ],
        [
          {
            "q": 6,
            "r": 11
          },
          {
            "type": 2
          }
        ],
        [
          {
            "q": 6,
            "r": 12
          },
          {
            "type": 2,
            "tile": {
              "tileType": 2,
              "orientation": 5,
              "owners": [6]
            }
          }
        ],
        [
          {
            "q": 6,
            "r": 13
          },
          {
            "type": 2,
            "tile": {
              "tileType": 1,
              "orientation": 5,
              "owners": [6]
            }
          }
        ],
        [
          {
            "q": 6,
            "r": 14
          },
          {
            "type": 1,
            "name": "Springfield",
            "color": 1,
            "goods": [4, 4],
            "urbanized": true,
            "onRoll": [
              {
                "onRoll": 6,
                "group": 1,
                "goods": []
              }
            ]
          }
        ],
        [
          {
            "q": 6,
            "r": 15
          },
          {
            "type": 3,
            "tile": {
              "tileType": 2,
              "orientation": 2,
              "owners": [6]
            }
          }
        ],
        [
          {
            "q": 6,
            "r": 16
          },
          {
            "type": 3,
            "tile": {
              "tileType": 2,
              "orientation": 3,
              "owners": [7]
            }
          }
        ],
        [
          {
            "q": 6,
            "r": 6
          },
          {
            "type": 2
          }
        ],
        [
          {
            "q": 6,
            "r": 7
          },
          {
            "type": 2
          }
        ],
        [
          {
            "q": 6,
            "r": 8
          },
          {
            "type": 2
          }
        ],
        [
          {
            "q": 6,
            "r": 9
          },
          {
            "type": 2
          }
        ],
        [
          {
            "q": 7,
            "r": 10
          },
          {
            "type": 2,
            "tile": {
              "tileType": 1,
              "orientation": 5,
              "owners": [6]
            }
          }
        ],
        [
          {
            "q": 7,
            "r": 11
          },
          {
            "type": 1,
            "name": "Chicago",
            "color": [2],
            "goods": [4, 1],
            "onRoll": [
              {
                "onRoll": 1,
                "group": 1,
                "goods": [1, 2]
              }
            ],
            "startingNumCubes": 2
          }
        ],
        [
          {
            "q": 7,
            "r": 12
          },
          {
            "type": 2,
            "tile": {
              "tileType": 1,
              "orientation": 5,
              "owners": [1]
            }
          }
        ],
        [
          {
            "q": 7,
            "r": 13
          },
          {
            "type": 2,
            "tile": {
              "tileType": 2,
              "orientation": 2,
              "owners": [1]
            }
          }
        ],
        [
          {
            "q": 7,
            "r": 14
          },
          {
            "type": 2,
            "tile": {
              "tileType": 1,
              "orientation": 4,
              "owners": [6]
            }
          }
        ],
        [
          {
            "q": 7,
            "r": 15
          },
          {
            "type": 2
          }
        ],
        [
          {
            "q": 7,
            "r": 6
          },
          {
            "type": 2
          }
        ],
        [
          {
            "q": 7,
            "r": 7
          },
          {
            "type": 2,
            "townName": "Green Bay"
          }
        ],
        [
          {
            "q": 7,
            "r": 8
          },
          {
            "type": 2
          }
        ],
        [
          {
            "q": 7,
            "r": 9
          },
          {
            "type": 2,
            "townName": "Milwaukee"
          }
        ],
        [
          {
            "q": 8,
            "r": 10
          },
          {
            "type": 11
          }
        ],
        [
          {
            "q": 8,
            "r": 11
          },
          {
            "type": 11
          }
        ],
        [
          {
            "q": 8,
            "r": 12
          },
          {
            "type": 2
          }
        ],
        [
          {
            "q": 8,
            "r": 13
          },
          {
            "type": 2
          }
        ],
        [
          {
            "q": 8,
            "r": 14
          },
          {
            "type": 2,
            "townName": "Terre Haute",
            "tile": {
              "tileType": 102,
              "orientation": 4,
              "owners": [6, 6]
            }
          }
        ],
        [
          {
            "q": 8,
            "r": 15
          },
          {
            "type": 2,
            "tile": {
              "tileType": 2,
              "orientation": 3,
              "owners": [7]
            }
          }
        ],
        [
          {
            "q": 8,
            "r": 5
          },
          {
            "type": 11
          }
        ],
        [
          {
            "q": 8,
            "r": 6
          },
          {
            "type": 11
          }
        ],
        [
          {
            "q": 8,
            "r": 7
          },
          {
            "type": 11
          }
        ],
        [
          {
            "q": 8,
            "r": 8
          },
          {
            "type": 11
          }
        ],
        [
          {
            "q": 8,
            "r": 9
          },
          {
            "type": 11
          }
        ],
        [
          {
            "q": 9,
            "r": 10
          },
          {
            "type": 2,
            "townName": "Michigan City"
          }
        ],
        [
          {
            "q": 9,
            "r": 11
          },
          {
            "type": 2
          }
        ],
        [
          {
            "q": 9,
            "r": 12
          },
          {
            "type": 2,
            "tile": {
              "tileType": 1,
              "orientation": 4,
              "owners": [7]
            }
          }
        ],
        [
          {
            "q": 9,
            "r": 13
          },
          {
            "type": 2,
            "tile": {
              "tileType": 2,
              "orientation": 5,
              "owners": [1]
            }
          }
        ],
        [
          {
            "q": 9,
            "r": 14
          },
          {
            "type": 1,
            "name": "Evansville",
            "color": [0],
            "goods": [4, 4, 0, 3],
            "onRoll": [
              {
                "onRoll": 1,
                "group": 2,
                "goods": [0]
              }
            ],
            "startingNumCubes": 2
          }
        ],
        [
          {
            "q": 9,
            "r": 5
          },
          {
            "type": 11
          }
        ],
        [
          {
            "q": 9,
            "r": 6
          },
          {
            "type": 11
          }
        ],
        [
          {
            "q": 9,
            "r": 7
          },
          {
            "type": 11
          }
        ],
        [
          {
            "q": 9,
            "r": 8
          },
          {
            "type": 11
          }
        ],
        [
          {
            "q": 9,
            "r": 9
          },
          {
            "type": 11
          }
        ]
      ],
      "gridVersion": 2,
      "players": [
        {
          "playerId": 6,
          "color": 3,
          "income": 1,
          "shares": 8,
          "money": 15,
          "locomotive": 3,
          "selectedAction": 2
        },
        {
          "playerId": 5,
          "color": 6,
          "income": 2,
          "shares": 6,
          "money": 12,
          "locomotive": 3,
          "selectedAction": 0
        },
        {
          "playerId": 4,
          "color": 4,
          "income": 1,
          "shares": 6,
          "money": 4,
          "locomotive": 2,
          "selectedAction": 5
        },
        {
          "playerId": 3,
          "color": 1,
          "income": 2,
          "shares": 7,
          "money": 8,
          "locomotive": 2,
          "selectedAction": 4
        },
        {
          "playerId": 2,
          "color": 7,
          "income": 2,
          "shares": 6,
          "money": 4,
          "locomotive": 2,
          "selectedAction": 1
        },
        {
          "playerId": 1,
          "color": 5,
          "income": 1,
          "shares": 6,
          "money": 2,
          "locomotive": 2,
          "selectedAction": 3
        }
      ],
      "turnOrder": [4, 6, 5, 7, 1, 3],
      "availableCities": [
        {
          "color": 2,
          "onRoll": [
            {
              "onRoll": 3,
              "group": 1,
              "goods": [2, 1]
            }
          ],
          "goods": []
        },
        {
          "color": 0,
          "onRoll": [
            {
              "onRoll": 4,
              "group": 1,
              "goods": [2, 4]
            }
          ],
          "goods": []
        },
        {
          "color": 1,
          "onRoll": [
            {
              "onRoll": 5,
              "group": 1,
              "goods": [0, 2]
            }
          ],
          "goods": []
        },
        {
          "color": 3,
          "onRoll": [
            {
              "onRoll": 2,
              "group": 2,
              "goods": [1, 0]
            }
          ],
          "goods": []
        },
        {
          "color": 1,
          "onRoll": [
            {
              "onRoll": 3,
              "group": 2,
              "goods": [1, 0]
            }
          ],
          "goods": []
        },
        {
          "color": 1,
          "onRoll": [
            {
              "onRoll": 4,
              "group": 2,
              "goods": [4, 1]
            }
          ],
          "goods": []
        }
      ],
      "interCityConnections": [],
      "roundNumber": 2,
      "currentPhase": 4,
      "currentPlayer": 1,
      "BuildState": {
        "previousBuilds": [
          {
            "q": 9,
            "r": 13
          },
          {
            "q": 10,
            "r": 12
          }
        ],
        "buildCount": 2,
        "hasUrbanized": false,
        "danglers": []
      }
    }
  },
  "undoPlayerId": 3
}
