{
  "gameKey": "rust-belt",
  "variant": {
    "gameKey": "rust-belt"
  },
  "name": "My Game",
  "status": "ACTIVE",
  "turnDuration": 86400000,
  "playerIds": [1, 2, 3],
  "activePlayerId": 3,
  "config": {
    "maxPlayers": 6,
    "minPlayers": 3
  },
  "summary": "Turn 1/10 - Issue shares",
  "unlisted": false,
  "version": 1,
  "concedingPlayers": [],
  "gameData": {
    "version": 3,
    "gameData": {
      "bag": [0, 1, 0, 2, 3, 1, 0, 0, 3, 3, 2, 3, 2, 3, 0, 4, 1, 3],
      "grid": [
        [
          {
            "q": 0,
            "r": 10
          },
          {
            "type": 2
          }
        ],
        [
          {
            "q": 0,
            "r": 11
          },
          {
            "type": 2
          }
        ],
        [
          {
            "q": 0,
            "r": 12
          },
          {
            "type": 2
          }
        ],
        [
          {
            "q": 0,
            "r": 13
          },
          {
            "type": 2
          }
        ],
        [
          {
            "q": 0,
            "r": 14
          },
          {
            "type": 2
          }
        ],
        [
          {
            "q": 0,
            "r": 15
          },
          {
            "type": 2
          }
        ],
        [
          {
            "q": 0,
            "r": 16
          },
          {
            "type": 2
          }
        ],
        [
          {
            "q": 0,
            "r": 17
          },
          {
            "type": 2
          }
        ],
        [
          {
            "q": 0,
            "r": 18
          },
          {
            "type": 2
          }
        ],
        [
          {
            "q": 0,
            "r": 19
          },
          {
            "name": "Kansas City",
            "color": [3],
            "startingNumCubes": 2,
            "onRoll": [
              {
                "group": 1,
                "onRoll": 3,
                "goods": [4, 4, 4]
              }
            ],
            "goods": [4, 2],
            "type": 1
          }
        ],
        [
          {
            "q": 0,
            "r": 9
          },
          {
            "type": 2
          }
        ],
        [
          {
            "q": 10,
            "r": 10
          },
          {
            "type": 2
          }
        ],
        [
          {
            "q": 10,
            "r": 11
          },
          {
            "type": 2
          }
        ],
        [
          {
            "q": 10,
            "r": 12
          },
          {
            "type": 2,
            "townName": "Indianapolis"
          }
        ],
        [
          {
            "q": 10,
            "r": 13
          },
          {
            "type": 2
          }
        ],
        [
          {
            "q": 10,
            "r": 14
          },
          {
            "type": 3
          }
        ],
        [
          {
            "q": 10,
            "r": 4
          },
          {
            "type": 11
          }
        ],
        [
          {
            "q": 10,
            "r": 5
          },
          {
            "type": 2
          }
        ],
        [
          {
            "q": 10,
            "r": 6
          },
          {
            "type": 2
          }
        ],
        [
          {
            "q": 10,
            "r": 7
          },
          {
            "type": 2,
            "townName": "Grand Rapids"
          }
        ],
        [
          {
            "q": 10,
            "r": 8
          },
          {
            "type": 2
          }
        ],
        [
          {
            "q": 10,
            "r": 9
          },
          {
            "type": 2
          }
        ],
        [
          {
            "q": 11,
            "r": 10
          },
          {
            "type": 2,
            "townName": "Fort Wayne"
          }
        ],
        [
          {
            "q": 11,
            "r": 11
          },
          {
            "type": 2
          }
        ],
        [
          {
            "q": 11,
            "r": 12
          },
          {
            "type": 2
          }
        ],
        [
          {
            "q": 11,
            "r": 13
          },
          {
            "type": 3
          }
        ],
        [
          {
            "q": 11,
            "r": 4
          },
          {
            "type": 11
          }
        ],
        [
          {
            "q": 11,
            "r": 5
          },
          {
            "type": 2
          }
        ],
        [
          {
            "q": 11,
            "r": 6
          },
          {
            "type": 2
          }
        ],
        [
          {
            "q": 11,
            "r": 7
          },
          {
            "type": 2
          }
        ],
        [
          {
            "q": 11,
            "r": 8
          },
          {
            "type": 2
          }
        ],
        [
          {
            "q": 11,
            "r": 9
          },
          {
            "type": 2
          }
        ],
        [
          {
            "q": 12,
            "r": 10
          },
          {
            "type": 2
          }
        ],
        [
          {
            "q": 12,
            "r": 11
          },
          {
            "name": "Cincinnati",
            "color": [0],
            "startingNumCubes": 2,
            "onRoll": [
              {
                "group": 2,
                "onRoll": 2,
                "goods": [0, 2, 4]
              }
            ],
            "goods": [1, 1],
            "type": 1
          }
        ],
        [
          {
            "q": 12,
            "r": 12
          },
          {
            "type": 3
          }
        ],
        [
          {
            "q": 12,
            "r": 13
          },
          {
            "type": 2
          }
        ],
        [
          {
            "q": 12,
            "r": 3
          },
          {
            "type": 11
          }
        ],
        [
          {
            "q": 12,
            "r": 4
          },
          {
            "type": 11
          }
        ],
        [
          {
            "q": 12,
            "r": 5
          },
          {
            "type": 11
          }
        ],
        [
          {
            "q": 12,
            "r": 6
          },
          {
            "type": 2
          }
        ],
        [
          {
            "q": 12,
            "r": 7
          },
          {
            "type": 2
          }
        ],
        [
          {
            "q": 12,
            "r": 8
          },
          {
            "type": 2,
            "townName": "Toledo"
          }
        ],
        [
          {
            "q": 12,
            "r": 9
          },
          {
            "type": 2
          }
        ],
        [
          {
            "q": 13,
            "r": 10
          },
          {
            "type": 2
          }
        ],
        [
          {
            "q": 13,
            "r": 11
          },
          {
            "type": 3
          }
        ],
        [
          {
            "q": 13,
            "r": 12
          },
          {
            "type": 2,
            "townName": "Lexington"
          }
        ],
        [
          {
            "q": 13,
            "r": 3
          },
          {
            "type": 11
          }
        ],
        [
          {
            "q": 13,
            "r": 4
          },
          {
            "type": 11
          }
        ],
        [
          {
            "q": 13,
            "r": 5
          },
          {
            "type": 11
          }
        ],
        [
          {
            "q": 13,
            "r": 6
          },
          {
            "name": "Detroit",
            "color": [2],
            "startingNumCubes": 2,
            "onRoll": [
              {
                "group": 2,
                "onRoll": 3,
                "goods": [0, 1, 0]
              }
            ],
            "goods": [1, 0],
            "type": 1
          }
        ],
        [
          {
            "q": 13,
            "r": 7
          },
          {
            "type": 11
          }
        ],
        [
          {
            "q": 13,
            "r": 8
          },
          {
            "type": 2
          }
        ],
        [
          {
            "q": 13,
            "r": 9
          },
          {
            "type": 2
          }
        ],
        [
          {
            "q": 14,
            "r": 10
          },
          {
            "type": 3
          }
        ],
        [
          {
            "q": 14,
            "r": 11
          },
          {
            "type": 2
          }
        ],
        [
          {
            "q": 14,
            "r": 12
          },
          {
            "type": 4
          }
        ],
        [
          {
            "q": 14,
            "r": 2
          },
          {
            "type": 11
          }
        ],
        [
          {
            "q": 14,
            "r": 3
          },
          {
            "type": 2
          }
        ],
        [
          {
            "q": 14,
            "r": 4
          },
          {
            "type": 2
          }
        ],
        [
          {
            "q": 14,
            "r": 5
          },
          {
            "type": 2
          }
        ],
        [
          {
            "q": 14,
            "r": 6
          },
          {
            "type": 11
          }
        ],
        [
          {
            "q": 14,
            "r": 7
          },
          {
            "type": 2
          }
        ],
        [
          {
            "q": 14,
            "r": 8
          },
          {
            "type": 2
          }
        ],
        [
          {
            "q": 14,
            "r": 9
          },
          {
            "type": 2
          }
        ],
        [
          {
            "q": 15,
            "r": 10
          },
          {
            "type": 2
          }
        ],
        [
          {
            "q": 15,
            "r": 11
          },
          {
            "type": 4
          }
        ],
        [
          {
            "q": 15,
            "r": 2
          },
          {
            "type": 2
          }
        ],
        [
          {
            "q": 15,
            "r": 3
          },
          {
            "type": 2
          }
        ],
        [
          {
            "q": 15,
            "r": 4
          },
          {
            "type": 2
          }
        ],
        [
          {
            "q": 15,
            "r": 5
          },
          {
            "type": 11
          }
        ],
        [
          {
            "q": 15,
            "r": 6
          },
          {
            "type": 2,
            "townName": "Cleveland"
          }
        ],
        [
          {
            "q": 15,
            "r": 7
          },
          {
            "type": 2
          }
        ],
        [
          {
            "q": 15,
            "r": 8
          },
          {
            "type": 2
          }
        ],
        [
          {
            "q": 15,
            "r": 9
          },
          {
            "type": 3
          }
        ],
        [
          {
            "q": 16,
            "r": 1
          },
          {
            "type": 2
          }
        ],
        [
          {
            "q": 16,
            "r": 10
          },
          {
            "type": 4
          }
        ],
        [
          {
            "q": 16,
            "r": 11
          },
          {
            "type": 4
          }
        ],
        [
          {
            "q": 16,
            "r": 2
          },
          {
            "name": "Toronto",
            "color": [4],
            "startingNumCubes": 2,
            "onRoll": [
              {
                "group": 2,
                "onRoll": 6,
                "goods": [4, 3, 0]
              }
            ],
            "goods": [0, 2],
            "type": 1
          }
        ],
        [
          {
            "q": 16,
            "r": 3
          },
          {
            "type": 3
          }
        ],
        [
          {
            "q": 16,
            "r": 4
          },
          {
            "type": 11
          }
        ],
        [
          {
            "q": 16,
            "r": 5
          },
          {
            "type": 2
          }
        ],
        [
          {
            "q": 16,
            "r": 6
          },
          {
            "type": 2
          }
        ],
        [
          {
            "q": 16,
            "r": 7
          },
          {
            "type": 3
          }
        ],
        [
          {
            "q": 16,
            "r": 8
          },
          {
            "type": 3
          }
        ],
        [
          {
            "q": 16,
            "r": 9
          },
          {
            "name": "Wheeling",
            "color": [4],
            "startingNumCubes": 3,
            "onRoll": [
              {
                "group": 2,
                "onRoll": 4,
                "goods": [2, 0, 2]
              }
            ],
            "goods": [2, 0, 1],
            "type": 1
          }
        ],
        [
          {
            "q": 17,
            "r": 1
          },
          {
            "type": 2
          }
        ],
        [
          {
            "q": 17,
            "r": 10
          },
          {
            "type": 4
          }
        ],
        [
          {
            "q": 17,
            "r": 2
          },
          {
            "type": 11
          }
        ],
        [
          {
            "q": 17,
            "r": 3
          },
          {
            "type": 2,
            "townName": "Buffalo"
          }
        ],
        [
          {
            "q": 17,
            "r": 4
          },
          {
            "type": 2
          }
        ],
        [
          {
            "q": 17,
            "r": 5
          },
          {
            "type": 4
          }
        ],
        [
          {
            "q": 17,
            "r": 6
          },
          {
            "name": "Pittsburgh",
            "color": [2],
            "startingNumCubes": 3,
            "onRoll": [
              {
                "group": 2,
                "onRoll": 5,
                "goods": [1, 1, 2]
              }
            ],
            "goods": [3, 4, 3],
            "type": 1
          }
        ],
        [
          {
            "q": 17,
            "r": 7
          },
          {
            "type": 4
          }
        ],
        [
          {
            "q": 17,
            "r": 8
          },
          {
            "type": 4
          }
        ],
        [
          {
            "q": 17,
            "r": 9
          },
          {
            "type": 4
          }
        ],
        [
          {
            "q": 1,
            "r": 10
          },
          {
            "type": 2
          }
        ],
        [
          {
            "q": 1,
            "r": 11
          },
          {
            "name": "Minneapolis",
            "color": [0],
            "startingNumCubes": 2,
            "onRoll": [
              {
                "group": 1,
                "onRoll": 5,
                "goods": [2, 2, 0]
              }
            ],
            "goods": [4, 4],
            "type": 1
          }
        ],
        [
          {
            "q": 1,
            "r": 12
          },
          {
            "type": 2
          }
        ],
        [
          {
            "q": 1,
            "r": 13
          },
          {
            "type": 2
          }
        ],
        [
          {
            "q": 1,
            "r": 14
          },
          {
            "type": 2
          }
        ],
        [
          {
            "q": 1,
            "r": 15
          },
          {
            "type": 2
          }
        ],
        [
          {
            "q": 1,
            "r": 16
          },
          {
            "type": 2
          }
        ],
        [
          {
            "q": 1,
            "r": 17
          },
          {
            "type": 2
          }
        ],
        [
          {
            "q": 1,
            "r": 18
          },
          {
            "type": 2
          }
        ],
        [
          {
            "q": 1,
            "r": 9
          },
          {
            "type": 2
          }
        ],
        [
          {
            "q": 2,
            "r": 10
          },
          {
            "type": 2
          }
        ],
        [
          {
            "q": 2,
            "r": 11
          },
          {
            "type": 3
          }
        ],
        [
          {
            "q": 2,
            "r": 12
          },
          {
            "type": 2
          }
        ],
        [
          {
            "q": 2,
            "r": 13
          },
          {
            "type": 2
          }
        ],
        [
          {
            "q": 2,
            "r": 14
          },
          {
            "type": 2
          }
        ],
        [
          {
            "q": 2,
            "r": 15
          },
          {
            "name": "Des Moines",
            "color": [0],
            "startingNumCubes": 2,
            "onRoll": [
              {
                "group": 1,
                "onRoll": 4,
                "goods": [2, 1, 1]
              }
            ],
            "goods": [3, 1],
            "type": 1
          }
        ],
        [
          {
            "q": 2,
            "r": 16
          },
          {
            "type": 2
          }
        ],
        [
          {
            "q": 2,
            "r": 17
          },
          {
            "type": 2
          }
        ],
        [
          {
            "q": 2,
            "r": 18
          },
          {
            "type": 2
          }
        ],
        [
          {
            "q": 2,
            "r": 8
          },
          {
            "name": "Duluth",
            "color": [3],
            "startingNumCubes": 2,
            "onRoll": [
              {
                "group": 1,
                "onRoll": 6,
                "goods": [3, 3, 2]
              }
            ],
            "goods": [3, 0],
            "type": 1
          }
        ],
        [
          {
            "q": 2,
            "r": 9
          },
          {
            "type": 2
          }
        ],
        [
          {
            "q": 3,
            "r": 10
          },
          {
            "type": 2
          }
        ],
        [
          {
            "q": 3,
            "r": 11
          },
          {
            "type": 3
          }
        ],
        [
          {
            "q": 3,
            "r": 12
          },
          {
            "type": 2
          }
        ],
        [
          {
            "q": 3,
            "r": 13
          },
          {
            "type": 2
          }
        ],
        [
          {
            "q": 3,
            "r": 14
          },
          {
            "type": 2
          }
        ],
        [
          {
            "q": 3,
            "r": 15
          },
          {
            "type": 2
          }
        ],
        [
          {
            "q": 3,
            "r": 16
          },
          {
            "type": 2
          }
        ],
        [
          {
            "q": 3,
            "r": 17
          },
          {
            "type": 2
          }
        ],
        [
          {
            "q": 3,
            "r": 8
          },
          {
            "type": 11
          }
        ],
        [
          {
            "q": 3,
            "r": 9
          },
          {
            "type": 2
          }
        ],
        [
          {
            "q": 4,
            "r": 10
          },
          {
            "type": 2,
            "townName": "La Crosse"
          }
        ],
        [
          {
            "q": 4,
            "r": 11
          },
          {
            "type": 3
          }
        ],
        [
          {
            "q": 4,
            "r": 12
          },
          {
            "type": 3
          }
        ],
        [
          {
            "q": 4,
            "r": 13
          },
          {
            "type": 3
          }
        ],
        [
          {
            "q": 4,
            "r": 14
          },
          {
            "type": 3
          }
        ],
        [
          {
            "q": 4,
            "r": 15
          },
          {
            "type": 3
          }
        ],
        [
          {
            "q": 4,
            "r": 16
          },
          {
            "type": 2
          }
        ],
        [
          {
            "q": 4,
            "r": 17
          },
          {
            "type": 2
          }
        ],
        [
          {
            "q": 4,
            "r": 7
          },
          {
            "type": 11
          }
        ],
        [
          {
            "q": 4,
            "r": 8
          },
          {
            "type": 2
          }
        ],
        [
          {
            "q": 4,
            "r": 9
          },
          {
            "type": 2
          }
        ],
        [
          {
            "q": 5,
            "r": 10
          },
          {
            "type": 2
          }
        ],
        [
          {
            "q": 5,
            "r": 11
          },
          {
            "type": 2
          }
        ],
        [
          {
            "q": 5,
            "r": 12
          },
          {
            "type": 2
          }
        ],
        [
          {
            "q": 5,
            "r": 13
          },
          {
            "type": 2,
            "townName": "Rock Island"
          }
        ],
        [
          {
            "q": 5,
            "r": 14
          },
          {
            "type": 2
          }
        ],
        [
          {
            "q": 5,
            "r": 15
          },
          {
            "type": 3
          }
        ],
        [
          {
            "q": 5,
            "r": 16
          },
          {
            "name": "St. Louis",
            "color": [2],
            "startingNumCubes": 2,
            "onRoll": [
              {
                "group": 1,
                "onRoll": 2,
                "goods": [0, 0, 2]
              }
            ],
            "goods": [0, 4],
            "type": 1
          }
        ],
        [
          {
            "q": 5,
            "r": 7
          },
          {
            "type": 2
          }
        ],
        [
          {
            "q": 5,
            "r": 8
          },
          {
            "type": 2
          }
        ],
        [
          {
            "q": 5,
            "r": 9
          },
          {
            "type": 2
          }
        ],
        [
          {
            "q": 6,
            "r": 10
          },
          {
            "type": 2
          }
        ],
        [
          {
            "q": 6,
            "r": 11
          },
          {
            "type": 2
          }
        ],
        [
          {
            "q": 6,
            "r": 12
          },
          {
            "type": 2
          }
        ],
        [
          {
            "q": 6,
            "r": 13
          },
          {
            "type": 2
          }
        ],
        [
          {
            "q": 6,
            "r": 14
          },
          {
            "type": 2,
            "townName": "Springfield"
          }
        ],
        [
          {
            "q": 6,
            "r": 15
          },
          {
            "type": 3
          }
        ],
        [
          {
            "q": 6,
            "r": 16
          },
          {
            "type": 3
          }
        ],
        [
          {
            "q": 6,
            "r": 6
          },
          {
            "type": 2
          }
        ],
        [
          {
            "q": 6,
            "r": 7
          },
          {
            "type": 2
          }
        ],
        [
          {
            "q": 6,
            "r": 8
          },
          {
            "type": 2
          }
        ],
        [
          {
            "q": 6,
            "r": 9
          },
          {
            "type": 2
          }
        ],
        [
          {
            "q": 7,
            "r": 10
          },
          {
            "type": 2
          }
        ],
        [
          {
            "q": 7,
            "r": 11
          },
          {
            "name": "Chicago",
            "color": [2],
            "startingNumCubes": 2,
            "onRoll": [
              {
                "group": 1,
                "onRoll": 1,
                "goods": [4, 0, 4]
              }
            ],
            "goods": [1, 4],
            "type": 1
          }
        ],
        [
          {
            "q": 7,
            "r": 12
          },
          {
            "type": 2
          }
        ],
        [
          {
            "q": 7,
            "r": 13
          },
          {
            "type": 2
          }
        ],
        [
          {
            "q": 7,
            "r": 14
          },
          {
            "type": 2
          }
        ],
        [
          {
            "q": 7,
            "r": 15
          },
          {
            "type": 2
          }
        ],
        [
          {
            "q": 7,
            "r": 6
          },
          {
            "type": 2
          }
        ],
        [
          {
            "q": 7,
            "r": 7
          },
          {
            "type": 2,
            "townName": "Green Bay"
          }
        ],
        [
          {
            "q": 7,
            "r": 8
          },
          {
            "type": 2
          }
        ],
        [
          {
            "q": 7,
            "r": 9
          },
          {
            "type": 2,
            "townName": "Milwaukee"
          }
        ],
        [
          {
            "q": 8,
            "r": 10
          },
          {
            "type": 11
          }
        ],
        [
          {
            "q": 8,
            "r": 11
          },
          {
            "type": 2
          }
        ],
        [
          {
            "q": 8,
            "r": 12
          },
          {
            "type": 2
          }
        ],
        [
          {
            "q": 8,
            "r": 13
          },
          {
            "type": 2,
            "townName": "Terre Haute"
          }
        ],
        [
          {
            "q": 8,
            "r": 14
          },
          {
            "type": 2
          }
        ],
        [
          {
            "q": 8,
            "r": 15
          },
          {
            "type": 2
          }
        ],
        [
          {
            "q": 8,
            "r": 5
          },
          {
            "type": 11
          }
        ],
        [
          {
            "q": 8,
            "r": 6
          },
          {
            "type": 11
          }
        ],
        [
          {
            "q": 8,
            "r": 7
          },
          {
            "type": 11
          }
        ],
        [
          {
            "q": 8,
            "r": 8
          },
          {
            "type": 11
          }
        ],
        [
          {
            "q": 8,
            "r": 9
          },
          {
            "type": 11
          }
        ],
        [
          {
            "q": 9,
            "r": 10
          },
          {
            "type": 2,
            "townName": "Michigan City"
          }
        ],
        [
          {
            "q": 9,
            "r": 11
          },
          {
            "type": 2
          }
        ],
        [
          {
            "q": 9,
            "r": 12
          },
          {
            "type": 2
          }
        ],
        [
          {
            "q": 9,
            "r": 13
          },
          {
            "type": 2
          }
        ],
        [
          {
            "q": 9,
            "r": 14
          },
          {
            "name": "Evansville",
            "color": [0],
            "startingNumCubes": 2,
            "onRoll": [
              {
                "group": 2,
                "onRoll": 1,
                "goods": [2, 3, 4]
              }
            ],
            "goods": [4, 4],
            "type": 1
          }
        ],
        [
          {
            "q": 9,
            "r": 5
          },
          {
            "type": 11
          }
        ],
        [
          {
            "q": 9,
            "r": 6
          },
          {
            "type": 11
          }
        ],
        [
          {
            "q": 9,
            "r": 7
          },
          {
            "type": 11
          }
        ],
        [
          {
            "q": 9,
            "r": 8
          },
          {
            "type": 11
          }
        ],
        [
          {
            "q": 9,
            "r": 9
          },
          {
            "type": 11
          }
        ]
      ],
      "gridVersion": 2,
      "players": [
        {
          "playerId": 2,
          "color": 7,
          "income": 0,
          "shares": 2,
          "money": 10,
          "locomotive": 1
        },
        {
          "playerId": 3,
          "color": 1,
          "income": 0,
          "shares": 2,
          "money": 10,
          "locomotive": 1
        },
        {
          "playerId": 1,
          "color": 2,
          "income": 0,
          "shares": 2,
          "money": 10,
          "locomotive": 1
        }
      ],
      "turnOrder": [1, 7, 2],
      "availableCities": [
        {
          "color": 2,
          "onRoll": [
            {
              "goods": [1, 3],
              "group": 1,
              "onRoll": 3
            }
          ],
          "goods": []
        },
        {
          "color": 0,
          "onRoll": [
            {
              "goods": [3, 3],
              "group": 1,
              "onRoll": 4
            }
          ],
          "goods": []
        },
        {
          "color": 1,
          "onRoll": [
            {
              "goods": [2, 3],
              "group": 1,
              "onRoll": 5
            }
          ],
          "goods": []
        },
        {
          "color": 1,
          "onRoll": [
            {
              "goods": [2, 3],
              "group": 1,
              "onRoll": 6
            }
          ],
          "goods": []
        },
        {
          "color": 4,
          "onRoll": [
            {
              "goods": [3, 0],
              "group": 2,
              "onRoll": 1
            }
          ],
          "goods": []
        },
        {
          "color": 3,
          "onRoll": [
            {
              "goods": [4, 2],
              "group": 2,
              "onRoll": 2
            }
          ],
          "goods": []
        },
        {
          "color": 1,
          "onRoll": [
            {
              "goods": [1, 4],
              "group": 2,
              "onRoll": 3
            }
          ],
          "goods": []
        },
        {
          "color": 1,
          "onRoll": [
            {
              "goods": [2, 4],
              "group": 2,
              "onRoll": 4
            }
          ],
          "goods": []
        }
      ],
      "interCityConnections": [],
      "roundNumber": 1,
      "currentPhase": 1,
      "currentPlayer": 1
    }
  }
}
